alejandro@alejandro-HP-Pavilion-Notebook:~$ Sudo add-apt-repository ppa: maarten-baert / simplescreenrecorder

Orden «Sudo» no encontrada. Quizá quiso decir:

  la orden «ludo» del paquete snap «ludo (0.12.0)»
  la orden «sudo» del paquete deb «sudo»
  la orden «sudo» del paquete deb «sudo-ldap»
  la orden «udo» del paquete deb «udo»

Consulte «snap info <nombre del snap>» para ver más versiones.

alejandro@alejandro-HP-Pavilion-Notebook:~$ Sudo add-apt-repository ppa: maarten-baert / simplescreenrecorder

Orden «Sudo» no encontrada. Quizá quiso decir:

  la orden «ludo» del paquete snap «ludo (0.12.0)»
  la orden «sudo» del paquete deb «sudo»
  la orden «sudo» del paquete deb «sudo-ldap»
  la orden «udo» del paquete deb «udo»

Consulte «snap info <nombre del snap>» para ver más versiones.

alejandro@alejandro-HP-Pavilion-Notebook:~$ sudo add-apt-repository ppa: maarten-baert / simplescreenrecorder
[sudo] contraseña para alejandro: 
Error: se necesita un solo repositorio como argumento
alejandro@alejandro-HP-Pavilion-Notebook:~$ sudo add-apt-repository ppa: maarten-baert / simplescreenrecorder
Error: se necesita un solo repositorio como argumento
alejandro@alejandro-HP-Pavilion-Notebook:~$ Sudo add-apt-repository ppa: maarten-baert / simplescreenrecorder

Orden «Sudo» no encontrada. Quizá quiso decir:

  la orden «ludo» del paquete snap «ludo (0.12.0)»
  la orden «sudo» del paquete deb «sudo»
  la orden «sudo» del paquete deb «sudo-ldap»
  la orden «udo» del paquete deb «udo»

Consulte «snap info <nombre del snap>» para ver más versiones.

alejandro@alejandro-HP-Pavilion-Notebook:~$ sudo add-apt-repository ppa:kirillshkrogalev/ffmpeg-next
 This PPA provides backported release ffmpeg for current releases Ubuntu (Trusty, Utopic, etc.)
 Más información: https://launchpad.net/~kirillshkrogalev/+archive/ubuntu/ffmpeg-next
Pulse [ENTRAR] para continuar o Ctrl+C para cancelar la adición.

Des:1 http://dl.google.com/linux/chrome/deb stable InRelease [1 811 B]
Des:2 http://security.ubuntu.com/ubuntu bionic-security InRelease [88.7 kB]    
Ign:3 http://ppa.launchpad.net/kirillshkrogalev/ffmpeg-next/ubuntu bionic InRelease
Des:4 http://packages.microsoft.com/repos/vscode stable InRelease [3 959 B]    
Obj:5 http://mx.archive.ubuntu.com/ubuntu bionic InRelease                     
Des:6 http://dl.google.com/linux/chrome/deb stable/main amd64 Packages [1 089 B]
Des:7 http://mx.archive.ubuntu.com/ubuntu bionic-updates InRelease [88.7 kB]   
Des:8 http://packages.microsoft.com/repos/vscode stable/main amd64 Packages [206 kB]
Obj:9 http://ppa.launchpad.net/sunderme/texstudio/ubuntu bionic InRelease      
Des:10 http://security.ubuntu.com/ubuntu bionic-security/main amd64 Packages [1 397 kB]
Err:11 http://ppa.launchpad.net/kirillshkrogalev/ffmpeg-next/ubuntu bionic Release
  404  Not Found [IP: 2001:67c:1560:8008::15 80]
Des:12 http://mx.archive.ubuntu.com/ubuntu bionic-backports InRelease [74.6 kB]
Des:13 http://mx.archive.ubuntu.com/ubuntu bionic-updates/main i386 Packages [1 140 kB]
Des:14 http://mx.archive.ubuntu.com/ubuntu bionic-updates/main amd64 Packages [1 725 kB]
Des:15 http://mx.archive.ubuntu.com/ubuntu bionic-updates/main Translation-en [367 kB]
Des:16 http://mx.archive.ubuntu.com/ubuntu bionic-updates/main amd64 DEP-11 Metadata [295 kB]
Des:17 http://mx.archive.ubuntu.com/ubuntu bionic-updates/restricted amd64 Packages [184 kB]
Des:18 http://mx.archive.ubuntu.com/ubuntu bionic-updates/restricted Translation-en [24.6 kB]
Des:19 http://mx.archive.ubuntu.com/ubuntu bionic-updates/universe amd64 Packages [1 680 kB]
Des:20 http://mx.archive.ubuntu.com/ubuntu bionic-updates/universe i386 Packages [1 544 kB]
Des:21 http://security.ubuntu.com/ubuntu bionic-security/main i386 Packages [845 kB]
Des:22 http://mx.archive.ubuntu.com/ubuntu bionic-updates/universe amd64 DEP-11 Metadata [287 kB]
Des:23 http://mx.archive.ubuntu.com/ubuntu bionic-updates/multiverse amd64 DEP-11 Metadata [2 468 B]
Des:24 http://mx.archive.ubuntu.com/ubuntu bionic-backports/universe amd64 DEP-11 Metadata [9 288 B]
Des:25 http://security.ubuntu.com/ubuntu bionic-security/main amd64 DEP-11 Metadata [49.0 kB]
Des:26 http://security.ubuntu.com/ubuntu bionic-security/universe i386 Packages [964 kB]
Des:27 http://security.ubuntu.com/ubuntu bionic-security/universe amd64 Packages [1 078 kB]
Des:28 http://security.ubuntu.com/ubuntu bionic-security/universe amd64 DEP-11 Metadata [58.8 kB]
Des:29 http://security.ubuntu.com/ubuntu bionic-security/multiverse amd64 DEP-11 Metadata [2 464 B]
Leyendo lista de paquetes... Hecho                                             
E: El repositorio «http://ppa.launchpad.net/kirillshkrogalev/ffmpeg-next/ubuntu bionic Release» no tiene un fichero de Publicación.
N: No se puede actualizar de un repositorio como este de forma segura y por tanto está deshabilitado por omisión.
N: Vea la página de manual apt-secure(8) para los detalles sobre la creación de repositorios y la configuración de usuarios.
alejandro@alejandro-HP-Pavilion-Notebook:~$ sudo apt-get update
Obj:1 http://dl.google.com/linux/chrome/deb stable InRelease
Obj:2 http://packages.microsoft.com/repos/vscode stable InRelease              
Ign:3 http://ppa.launchpad.net/kirillshkrogalev/ffmpeg-next/ubuntu bionic InRelease
Obj:4 http://mx.archive.ubuntu.com/ubuntu bionic InRelease                     
Obj:5 http://security.ubuntu.com/ubuntu bionic-security InRelease              
Obj:6 http://mx.archive.ubuntu.com/ubuntu bionic-updates InRelease             
Obj:7 http://ppa.launchpad.net/sunderme/texstudio/ubuntu bionic InRelease      
Obj:8 http://mx.archive.ubuntu.com/ubuntu bionic-backports InRelease           
Err:9 http://ppa.launchpad.net/kirillshkrogalev/ffmpeg-next/ubuntu bionic Release
  404  Not Found [IP: 2001:67c:1560:8008::15 80]
Leyendo lista de paquetes... Hecho                     
E: El repositorio «http://ppa.launchpad.net/kirillshkrogalev/ffmpeg-next/ubuntu bionic Release» no tiene un fichero de Publicación.
N: No se puede actualizar de un repositorio como este de forma segura y por tanto está deshabilitado por omisión.
N: Vea la página de manual apt-secure(8) para los detalles sobre la creación de repositorios y la configuración de usuarios.
alejandro@alejandro-HP-Pavilion-Notebook:~$ sudo apt-get install ffmpeg
Leyendo lista de paquetes... Hecho
Creando árbol de dependencias       
Leyendo la información de estado... Hecho
Los paquetes indicados a continuación se instalaron de forma automática y ya no son necesarios.
  fonts-liberation2 fonts-opensymbol gir1.2-gst-plugins-base-1.0
  gir1.2-gstreamer-1.0 gir1.2-gudev-1.0 gir1.2-udisks-2.0
  grilo-plugins-0.3-base gstreamer1.0-gtk3 libboost-date-time1.65.1
  libboost-filesystem1.65.1 libboost-iostreams1.65.1 libboost-locale1.65.1
  libcdr-0.1-1 libclucene-contribs1v5 libclucene-core1v5 libcmis-0.5-5v5
  libcolamd2 libdazzle-1.0-0 libe-book-0.1-1 libedataserverui-1.2-2 libeot0
  libepubgen-0.1-1 libetonyek-0.1-1 libevent-2.1-6 libexiv2-14
  libfreerdp-client2-2 libfreerdp2-2 libgee-0.8-2 libgexiv2-2 libgom-1.0-0
  libgpgmepp6 libgpod-common libgpod4 liblangtag-common liblangtag1
  liblirc-client0 liblua5.3-0 libmediaart-2.0-0 libmspub-0.1-1 libodfgen-0.1-1
  libqqwing2v5 libqt5concurrent5 libraw16 librevenge-0.0-0 libsgutils2-2
  libssh-4 libsuitesparseconfig5 libvncclient1 libwinpr2-2 libxapian30
  libxmlsec1 libxmlsec1-nss lp-solve media-player-info python3-mako
  python3-markupsafe syslinux syslinux-common syslinux-legacy
  usb-creator-common
Utilice «sudo apt autoremove» para eliminarlos.
Se instalarán los siguientes paquetes adicionales:
  i965-va-driver libaacs0 libass9 libavcodec57 libavdevice57 libavfilter6
  libavformat57 libavresample3 libavutil55 libbdplus0 libbluray2 libbs2b0
  libchromaprint1 libcrystalhd3 libdc1394-22 libdrm-amdgpu1 libdrm-common
  libdrm2 libflite1 libgme0 libgsm1 libmysofa0 libnorm1 libopenal-data
  libopenal1 libopenmpt0 libpgm-5.2-0 libpostproc54 librubberband2
  libsdl2-2.0-0 libshine3 libsnappy1v5 libsndio6.1 libsoxr0 libssh-gcrypt-4
  libswresample2 libswscale4 libva-drm2 libva-x11-2 libva2 libvdpau1
  libx264-152 libx265-146 libxvidcore4 libzmq5 libzvbi-common libzvbi0
  mesa-va-drivers mesa-vdpau-drivers va-driver-all vdpau-driver-all
Paquetes sugeridos:
  ffmpeg-doc i965-va-driver-shaders libbluray-bdj firmware-crystalhd
  libportaudio2 sndiod libvdpau-va-gl1 nvidia-vdpau-driver
  nvidia-legacy-340xx-vdpau-driver
Se instalarán los siguientes paquetes NUEVOS:
  ffmpeg i965-va-driver libaacs0 libass9 libavcodec57 libavdevice57
  libavfilter6 libavformat57 libavresample3 libavutil55 libbdplus0 libbluray2
  libbs2b0 libchromaprint1 libcrystalhd3 libdc1394-22 libflite1 libgme0
  libgsm1 libmysofa0 libnorm1 libopenal-data libopenal1 libopenmpt0
  libpgm-5.2-0 libpostproc54 librubberband2 libsdl2-2.0-0 libshine3
  libsnappy1v5 libsndio6.1 libsoxr0 libssh-gcrypt-4 libswresample2 libswscale4
  libva-drm2 libva-x11-2 libva2 libvdpau1 libx264-152 libx265-146 libxvidcore4
  libzmq5 libzvbi-common libzvbi0 mesa-va-drivers mesa-vdpau-drivers
  va-driver-all vdpau-driver-all
Se actualizarán los siguientes paquetes:
  libdrm-amdgpu1 libdrm-common libdrm2
3 actualizados, 49 nuevos se instalarán, 0 para eliminar y 302 no actualizados.
Se necesita descargar 32.4 MB de archivos.
Se utilizarán 148 MB de espacio de disco adicional después de esta operación.
¿Desea continuar? [S/n] s
Des:1 http://mx.archive.ubuntu.com/ubuntu bionic-updates/main amd64 libdrm-common all 2.4.101-2~18.04.1 [5 560 B]
Des:2 http://mx.archive.ubuntu.com/ubuntu bionic-updates/main amd64 libdrm2 amd64 2.4.101-2~18.04.1 [32.3 kB]
Des:3 http://mx.archive.ubuntu.com/ubuntu bionic/universe amd64 libva2 amd64 2.1.0-3 [47.6 kB]
Des:4 http://mx.archive.ubuntu.com/ubuntu bionic/universe amd64 libva-drm2 amd64 2.1.0-3 [6 880 B]
Des:5 http://mx.archive.ubuntu.com/ubuntu bionic/universe amd64 libva-x11-2 amd64 2.1.0-3 [11.5 kB]
Des:6 http://mx.archive.ubuntu.com/ubuntu bionic/main amd64 libvdpau1 amd64 1.1.1-3ubuntu1 [25.5 kB]
Des:7 http://mx.archive.ubuntu.com/ubuntu bionic-updates/universe amd64 libavutil55 amd64 7:3.4.8-0ubuntu0.2 [190 kB]
Des:8 http://mx.archive.ubuntu.com/ubuntu bionic/universe amd64 libcrystalhd3 amd64 1:0.0~git20110715.fdd2f19-12 [45.8 kB]
Des:9 http://mx.archive.ubuntu.com/ubuntu bionic/universe amd64 libgsm1 amd64 1.0.13-4build1 [22.4 kB]
Des:10 http://mx.archive.ubuntu.com/ubuntu bionic/universe amd64 libshine3 amd64 3.1.1-1 [22.9 kB]
Des:11 http://mx.archive.ubuntu.com/ubuntu bionic/main amd64 libsnappy1v5 amd64 1.1.7-1 [16.0 kB]
Des:12 http://mx.archive.ubuntu.com/ubuntu bionic/universe amd64 libsoxr0 amd64 0.1.2-3 [65.9 kB]
Des:13 http://mx.archive.ubuntu.com/ubuntu bionic-updates/universe amd64 libswresample2 amd64 7:3.4.8-0ubuntu0.2 [55.2 kB]
Des:14 http://mx.archive.ubuntu.com/ubuntu bionic/universe amd64 libx264-152 amd64 2:0.152.2854+gite9a5903-2 [609 kB]
Des:15 http://mx.archive.ubuntu.com/ubuntu bionic/universe amd64 libx265-146 amd64 2.6-3 [1 026 kB]
Des:16 http://mx.archive.ubuntu.com/ubuntu bionic/universe amd64 libxvidcore4 amd64 2:1.3.5-1 [200 kB]
Des:17 http://mx.archive.ubuntu.com/ubuntu bionic/universe amd64 libzvbi-common all 0.2.35-13 [32.1 kB]
Des:18 http://mx.archive.ubuntu.com/ubuntu bionic/universe amd64 libzvbi0 amd64 0.2.35-13 [235 kB]
Des:19 http://mx.archive.ubuntu.com/ubuntu bionic-updates/universe amd64 libavcodec57 amd64 7:3.4.8-0ubuntu0.2 [4 595 kB]
Des:20 http://mx.archive.ubuntu.com/ubuntu bionic/universe amd64 libass9 amd64 1:0.14.0-1 [88.2 kB]
Des:21 http://mx.archive.ubuntu.com/ubuntu bionic/universe amd64 libbluray2 amd64 1:1.0.2-3 [141 kB]
Des:22 http://mx.archive.ubuntu.com/ubuntu bionic/universe amd64 libchromaprint1 amd64 1.4.3-1 [36.8 kB]
Des:23 http://mx.archive.ubuntu.com/ubuntu bionic/universe amd64 libgme0 amd64 0.6.2-1 [121 kB]
Des:24 http://mx.archive.ubuntu.com/ubuntu bionic/universe amd64 libopenmpt0 amd64 0.3.6-1 [561 kB]
Des:25 http://mx.archive.ubuntu.com/ubuntu bionic-updates/main amd64 libssh-gcrypt-4 amd64 0.8.0~20170825.94fa1e38-1ubuntu0.7 [172 kB]
Des:26 http://mx.archive.ubuntu.com/ubuntu bionic-updates/universe amd64 libavformat57 amd64 7:3.4.8-0ubuntu0.2 [953 kB]
Des:27 http://mx.archive.ubuntu.com/ubuntu bionic-updates/universe amd64 libavresample3 amd64 7:3.4.8-0ubuntu0.2 [52.6 kB]
Des:28 http://mx.archive.ubuntu.com/ubuntu bionic/universe amd64 libbs2b0 amd64 3.1.0+dfsg-2.2 [10.5 kB]
Des:29 http://mx.archive.ubuntu.com/ubuntu bionic/universe amd64 libflite1 amd64 2.1-release-1 [12.8 MB]
Des:30 http://mx.archive.ubuntu.com/ubuntu bionic-updates/universe amd64 libmysofa0 amd64 0.6~dfsg0-3+deb10u1build1 [38.5 kB]
Des:31 http://mx.archive.ubuntu.com/ubuntu bionic-updates/universe amd64 libpostproc54 amd64 7:3.4.8-0ubuntu0.2 [50.3 kB]
Des:32 http://mx.archive.ubuntu.com/ubuntu bionic/universe amd64 librubberband2 amd64 1.8.1-7ubuntu2 [86.7 kB]
Des:33 http://mx.archive.ubuntu.com/ubuntu bionic-updates/universe amd64 libswscale4 amd64 7:3.4.8-0ubuntu0.2 [150 kB]
Des:34 http://mx.archive.ubuntu.com/ubuntu bionic/universe amd64 libnorm1 amd64 1.5r6+dfsg1-6 [224 kB]
Des:35 http://mx.archive.ubuntu.com/ubuntu bionic/universe amd64 libpgm-5.2-0 amd64 5.2.122~dfsg-2 [157 kB]
Des:36 http://mx.archive.ubuntu.com/ubuntu bionic-updates/universe amd64 libzmq5 amd64 4.2.5-1ubuntu0.2 [221 kB]
Des:37 http://mx.archive.ubuntu.com/ubuntu bionic-updates/universe amd64 libavfilter6 amd64 7:3.4.8-0ubuntu0.2 [874 kB]
Des:38 http://mx.archive.ubuntu.com/ubuntu bionic/universe amd64 libdc1394-22 amd64 2.2.5-1 [77.5 kB]
Des:39 http://mx.archive.ubuntu.com/ubuntu bionic/universe amd64 libopenal-data all 1:1.18.2-2 [102 kB]
Des:40 http://mx.archive.ubuntu.com/ubuntu bionic/universe amd64 libsndio6.1 amd64 1.1.0-3 [23.4 kB]
Des:41 http://mx.archive.ubuntu.com/ubuntu bionic/universe amd64 libopenal1 amd64 1:1.18.2-2 [266 kB]
Des:42 http://mx.archive.ubuntu.com/ubuntu bionic-updates/universe amd64 libsdl2-2.0-0 amd64 2.0.8+dfsg1-1ubuntu1.18.04.4 [382 kB]
Des:43 http://mx.archive.ubuntu.com/ubuntu bionic-updates/universe amd64 libavdevice57 amd64 7:3.4.8-0ubuntu0.2 [74.9 kB]
Des:44 http://mx.archive.ubuntu.com/ubuntu bionic-updates/universe amd64 ffmpeg amd64 7:3.4.8-0ubuntu0.2 [1 587 kB]
Des:45 http://mx.archive.ubuntu.com/ubuntu bionic/universe amd64 libaacs0 amd64 0.9.0-1 [51.4 kB]
Des:46 http://mx.archive.ubuntu.com/ubuntu bionic/universe amd64 libbdplus0 amd64 0.1.2-2 [46.6 kB]
Des:47 http://mx.archive.ubuntu.com/ubuntu bionic-updates/main amd64 libdrm-amdgpu1 amd64 2.4.101-2~18.04.1 [18.2 kB]
Des:48 http://mx.archive.ubuntu.com/ubuntu bionic-updates/universe amd64 mesa-va-drivers amd64 20.0.8-0ubuntu1~18.04.1 [2 376 kB]
Des:49 http://mx.archive.ubuntu.com/ubuntu bionic-updates/main amd64 mesa-vdpau-drivers amd64 20.0.8-0ubuntu1~18.04.1 [2 496 kB]
Des:50 http://mx.archive.ubuntu.com/ubuntu bionic/universe amd64 i965-va-driver amd64 2.1.0-0ubuntu1 [925 kB]
Des:51 http://mx.archive.ubuntu.com/ubuntu bionic/universe amd64 va-driver-all amd64 2.1.0-3 [4 376 B]
Des:52 http://mx.archive.ubuntu.com/ubuntu bionic/main amd64 vdpau-driver-all amd64 1.1.1-3ubuntu1 [4 674 B]
Descargados 32.4 MB en 31s (1 042 kB/s)                                        
Extrayendo plantillas para los paquetes: 100%
(Leyendo la base de datos ... 329325 ficheros o directorios instalados actualmente.)
Preparando para desempaquetar .../00-libdrm-common_2.4.101-2~18.04.1_all.deb ...
Desempaquetando libdrm-common (2.4.101-2~18.04.1) sobre (2.4.99-1ubuntu1~18.04.2) ...
Preparando para desempaquetar .../01-libdrm2_2.4.101-2~18.04.1_amd64.deb ...
Desempaquetando libdrm2:amd64 (2.4.101-2~18.04.1) sobre (2.4.99-1ubuntu1~18.04.2) ...
Seleccionando el paquete libva2:amd64 previamente no seleccionado.
Preparando para desempaquetar .../02-libva2_2.1.0-3_amd64.deb ...
Desempaquetando libva2:amd64 (2.1.0-3) ...
Seleccionando el paquete libva-drm2:amd64 previamente no seleccionado.
Preparando para desempaquetar .../03-libva-drm2_2.1.0-3_amd64.deb ...
Desempaquetando libva-drm2:amd64 (2.1.0-3) ...
Seleccionando el paquete libva-x11-2:amd64 previamente no seleccionado.
Preparando para desempaquetar .../04-libva-x11-2_2.1.0-3_amd64.deb ...
Desempaquetando libva-x11-2:amd64 (2.1.0-3) ...
Seleccionando el paquete libvdpau1:amd64 previamente no seleccionado.
Preparando para desempaquetar .../05-libvdpau1_1.1.1-3ubuntu1_amd64.deb ...
Desempaquetando libvdpau1:amd64 (1.1.1-3ubuntu1) ...
Seleccionando el paquete libavutil55:amd64 previamente no seleccionado.
Preparando para desempaquetar .../06-libavutil55_7%3a3.4.8-0ubuntu0.2_amd64.deb ...
Desempaquetando libavutil55:amd64 (7:3.4.8-0ubuntu0.2) ...
Seleccionando el paquete libcrystalhd3:amd64 previamente no seleccionado.
Preparando para desempaquetar .../07-libcrystalhd3_1%3a0.0~git20110715.fdd2f19-12_amd64.deb ...
Desempaquetando libcrystalhd3:amd64 (1:0.0~git20110715.fdd2f19-12) ...
Seleccionando el paquete libgsm1:amd64 previamente no seleccionado.
Preparando para desempaquetar .../08-libgsm1_1.0.13-4build1_amd64.deb ...
Desempaquetando libgsm1:amd64 (1.0.13-4build1) ...
Seleccionando el paquete libshine3:amd64 previamente no seleccionado.
Preparando para desempaquetar .../09-libshine3_3.1.1-1_amd64.deb ...
Desempaquetando libshine3:amd64 (3.1.1-1) ...
Seleccionando el paquete libsnappy1v5:amd64 previamente no seleccionado.
Preparando para desempaquetar .../10-libsnappy1v5_1.1.7-1_amd64.deb ...
Desempaquetando libsnappy1v5:amd64 (1.1.7-1) ...
Seleccionando el paquete libsoxr0:amd64 previamente no seleccionado.
Preparando para desempaquetar .../11-libsoxr0_0.1.2-3_amd64.deb ...
Desempaquetando libsoxr0:amd64 (0.1.2-3) ...
Seleccionando el paquete libswresample2:amd64 previamente no seleccionado.
Preparando para desempaquetar .../12-libswresample2_7%3a3.4.8-0ubuntu0.2_amd64.deb ...
Desempaquetando libswresample2:amd64 (7:3.4.8-0ubuntu0.2) ...
Seleccionando el paquete libx264-152:amd64 previamente no seleccionado.
Preparando para desempaquetar .../13-libx264-152_2%3a0.152.2854+gite9a5903-2_amd64.deb ...
Desempaquetando libx264-152:amd64 (2:0.152.2854+gite9a5903-2) ...
Seleccionando el paquete libx265-146:amd64 previamente no seleccionado.
Preparando para desempaquetar .../14-libx265-146_2.6-3_amd64.deb ...
Desempaquetando libx265-146:amd64 (2.6-3) ...
Seleccionando el paquete libxvidcore4:amd64 previamente no seleccionado.
Preparando para desempaquetar .../15-libxvidcore4_2%3a1.3.5-1_amd64.deb ...
Desempaquetando libxvidcore4:amd64 (2:1.3.5-1) ...
Seleccionando el paquete libzvbi-common previamente no seleccionado.
Preparando para desempaquetar .../16-libzvbi-common_0.2.35-13_all.deb ...
Desempaquetando libzvbi-common (0.2.35-13) ...
Seleccionando el paquete libzvbi0:amd64 previamente no seleccionado.
Preparando para desempaquetar .../17-libzvbi0_0.2.35-13_amd64.deb ...
Desempaquetando libzvbi0:amd64 (0.2.35-13) ...
Seleccionando el paquete libavcodec57:amd64 previamente no seleccionado.
Preparando para desempaquetar .../18-libavcodec57_7%3a3.4.8-0ubuntu0.2_amd64.deb ...
Desempaquetando libavcodec57:amd64 (7:3.4.8-0ubuntu0.2) ...
Seleccionando el paquete libass9:amd64 previamente no seleccionado.
Preparando para desempaquetar .../19-libass9_1%3a0.14.0-1_amd64.deb ...
Desempaquetando libass9:amd64 (1:0.14.0-1) ...
Seleccionando el paquete libbluray2:amd64 previamente no seleccionado.
Preparando para desempaquetar .../20-libbluray2_1%3a1.0.2-3_amd64.deb ...
Desempaquetando libbluray2:amd64 (1:1.0.2-3) ...
Seleccionando el paquete libchromaprint1:amd64 previamente no seleccionado.
Preparando para desempaquetar .../21-libchromaprint1_1.4.3-1_amd64.deb ...
Desempaquetando libchromaprint1:amd64 (1.4.3-1) ...
Seleccionando el paquete libgme0:amd64 previamente no seleccionado.
Preparando para desempaquetar .../22-libgme0_0.6.2-1_amd64.deb ...
Desempaquetando libgme0:amd64 (0.6.2-1) ...
Seleccionando el paquete libopenmpt0:amd64 previamente no seleccionado.
Preparando para desempaquetar .../23-libopenmpt0_0.3.6-1_amd64.deb ...
Desempaquetando libopenmpt0:amd64 (0.3.6-1) ...
Seleccionando el paquete libssh-gcrypt-4:amd64 previamente no seleccionado.
Preparando para desempaquetar .../24-libssh-gcrypt-4_0.8.0~20170825.94fa1e38-1ubuntu0.7_amd64.deb ...
Desempaquetando libssh-gcrypt-4:amd64 (0.8.0~20170825.94fa1e38-1ubuntu0.7) ...
Seleccionando el paquete libavformat57:amd64 previamente no seleccionado.
Preparando para desempaquetar .../25-libavformat57_7%3a3.4.8-0ubuntu0.2_amd64.deb ...
Desempaquetando libavformat57:amd64 (7:3.4.8-0ubuntu0.2) ...
Seleccionando el paquete libavresample3:amd64 previamente no seleccionado.
Preparando para desempaquetar .../26-libavresample3_7%3a3.4.8-0ubuntu0.2_amd64.deb ...
Desempaquetando libavresample3:amd64 (7:3.4.8-0ubuntu0.2) ...
Seleccionando el paquete libbs2b0:amd64 previamente no seleccionado.
Preparando para desempaquetar .../27-libbs2b0_3.1.0+dfsg-2.2_amd64.deb ...
Desempaquetando libbs2b0:amd64 (3.1.0+dfsg-2.2) ...
Seleccionando el paquete libflite1:amd64 previamente no seleccionado.
Preparando para desempaquetar .../28-libflite1_2.1-release-1_amd64.deb ...
Desempaquetando libflite1:amd64 (2.1-release-1) ...
Seleccionando el paquete libmysofa0:amd64 previamente no seleccionado.
Preparando para desempaquetar .../29-libmysofa0_0.6~dfsg0-3+deb10u1build1_amd64.deb ...
Desempaquetando libmysofa0:amd64 (0.6~dfsg0-3+deb10u1build1) ...
Seleccionando el paquete libpostproc54:amd64 previamente no seleccionado.
Preparando para desempaquetar .../30-libpostproc54_7%3a3.4.8-0ubuntu0.2_amd64.deb ...
Desempaquetando libpostproc54:amd64 (7:3.4.8-0ubuntu0.2) ...
Seleccionando el paquete librubberband2:amd64 previamente no seleccionado.
Preparando para desempaquetar .../31-librubberband2_1.8.1-7ubuntu2_amd64.deb ...
Desempaquetando librubberband2:amd64 (1.8.1-7ubuntu2) ...
Seleccionando el paquete libswscale4:amd64 previamente no seleccionado.
Preparando para desempaquetar .../32-libswscale4_7%3a3.4.8-0ubuntu0.2_amd64.deb ...
Desempaquetando libswscale4:amd64 (7:3.4.8-0ubuntu0.2) ...
Seleccionando el paquete libnorm1:amd64 previamente no seleccionado.
Preparando para desempaquetar .../33-libnorm1_1.5r6+dfsg1-6_amd64.deb ...
Desempaquetando libnorm1:amd64 (1.5r6+dfsg1-6) ...
Seleccionando el paquete libpgm-5.2-0:amd64 previamente no seleccionado.
Preparando para desempaquetar .../34-libpgm-5.2-0_5.2.122~dfsg-2_amd64.deb ...
Desempaquetando libpgm-5.2-0:amd64 (5.2.122~dfsg-2) ...
Seleccionando el paquete libzmq5:amd64 previamente no seleccionado.
Preparando para desempaquetar .../35-libzmq5_4.2.5-1ubuntu0.2_amd64.deb ...
Desempaquetando libzmq5:amd64 (4.2.5-1ubuntu0.2) ...
Seleccionando el paquete libavfilter6:amd64 previamente no seleccionado.
Preparando para desempaquetar .../36-libavfilter6_7%3a3.4.8-0ubuntu0.2_amd64.deb ...
Desempaquetando libavfilter6:amd64 (7:3.4.8-0ubuntu0.2) ...
Seleccionando el paquete libdc1394-22:amd64 previamente no seleccionado.
Preparando para desempaquetar .../37-libdc1394-22_2.2.5-1_amd64.deb ...
Desempaquetando libdc1394-22:amd64 (2.2.5-1) ...
Seleccionando el paquete libopenal-data previamente no seleccionado.
Preparando para desempaquetar .../38-libopenal-data_1%3a1.18.2-2_all.deb ...
Desempaquetando libopenal-data (1:1.18.2-2) ...
Seleccionando el paquete libsndio6.1:amd64 previamente no seleccionado.
Preparando para desempaquetar .../39-libsndio6.1_1.1.0-3_amd64.deb ...
Desempaquetando libsndio6.1:amd64 (1.1.0-3) ...
Seleccionando el paquete libopenal1:amd64 previamente no seleccionado.
Preparando para desempaquetar .../40-libopenal1_1%3a1.18.2-2_amd64.deb ...
Desempaquetando libopenal1:amd64 (1:1.18.2-2) ...
Seleccionando el paquete libsdl2-2.0-0:amd64 previamente no seleccionado.
Preparando para desempaquetar .../41-libsdl2-2.0-0_2.0.8+dfsg1-1ubuntu1.18.04.4_amd64.deb ...
Desempaquetando libsdl2-2.0-0:amd64 (2.0.8+dfsg1-1ubuntu1.18.04.4) ...
Seleccionando el paquete libavdevice57:amd64 previamente no seleccionado.
Preparando para desempaquetar .../42-libavdevice57_7%3a3.4.8-0ubuntu0.2_amd64.deb ...
Desempaquetando libavdevice57:amd64 (7:3.4.8-0ubuntu0.2) ...
Seleccionando el paquete ffmpeg previamente no seleccionado.
Preparando para desempaquetar .../43-ffmpeg_7%3a3.4.8-0ubuntu0.2_amd64.deb ...
Desempaquetando ffmpeg (7:3.4.8-0ubuntu0.2) ...
Seleccionando el paquete libaacs0:amd64 previamente no seleccionado.
Preparando para desempaquetar .../44-libaacs0_0.9.0-1_amd64.deb ...
Desempaquetando libaacs0:amd64 (0.9.0-1) ...
Seleccionando el paquete libbdplus0:amd64 previamente no seleccionado.
Preparando para desempaquetar .../45-libbdplus0_0.1.2-2_amd64.deb ...
Desempaquetando libbdplus0:amd64 (0.1.2-2) ...
Preparando para desempaquetar .../46-libdrm-amdgpu1_2.4.101-2~18.04.1_amd64.deb ...
Desempaquetando libdrm-amdgpu1:amd64 (2.4.101-2~18.04.1) sobre (2.4.99-1ubuntu1~18.04.2) ...
Seleccionando el paquete mesa-va-drivers:amd64 previamente no seleccionado.
Preparando para desempaquetar .../47-mesa-va-drivers_20.0.8-0ubuntu1~18.04.1_amd64.deb ...
Desempaquetando mesa-va-drivers:amd64 (20.0.8-0ubuntu1~18.04.1) ...
Seleccionando el paquete mesa-vdpau-drivers:amd64 previamente no seleccionado.
Preparando para desempaquetar .../48-mesa-vdpau-drivers_20.0.8-0ubuntu1~18.04.1_amd64.deb ...
Desempaquetando mesa-vdpau-drivers:amd64 (20.0.8-0ubuntu1~18.04.1) ...
Seleccionando el paquete i965-va-driver:amd64 previamente no seleccionado.
Preparando para desempaquetar .../49-i965-va-driver_2.1.0-0ubuntu1_amd64.deb ...
Desempaquetando i965-va-driver:amd64 (2.1.0-0ubuntu1) ...
Seleccionando el paquete va-driver-all:amd64 previamente no seleccionado.
Preparando para desempaquetar .../50-va-driver-all_2.1.0-3_amd64.deb ...
Desempaquetando va-driver-all:amd64 (2.1.0-3) ...
Seleccionando el paquete vdpau-driver-all:amd64 previamente no seleccionado.
Preparando para desempaquetar .../51-vdpau-driver-all_1.1.1-3ubuntu1_amd64.deb ...
Desempaquetando vdpau-driver-all:amd64 (1.1.1-3ubuntu1) ...
Configurando libpgm-5.2-0:amd64 (5.2.122~dfsg-2) ...
Configurando libx264-152:amd64 (2:0.152.2854+gite9a5903-2) ...
Configurando libopenmpt0:amd64 (0.3.6-1) ...
Configurando libaacs0:amd64 (0.9.0-1) ...
Configurando libflite1:amd64 (2.1-release-1) ...
Configurando libsoxr0:amd64 (0.1.2-3) ...
Configurando libssh-gcrypt-4:amd64 (0.8.0~20170825.94fa1e38-1ubuntu0.7) ...
Configurando libass9:amd64 (1:0.14.0-1) ...
Configurando libbluray2:amd64 (1:1.0.2-3) ...
Configurando libvdpau1:amd64 (1.1.1-3ubuntu1) ...
Configurando libdc1394-22:amd64 (2.2.5-1) ...
Configurando libshine3:amd64 (3.1.1-1) ...
Configurando libva2:amd64 (2.1.0-3) ...
Configurando libxvidcore4:amd64 (2:1.3.5-1) ...
Configurando libx265-146:amd64 (2.6-3) ...
Configurando libopenal-data (1:1.18.2-2) ...
Configurando libdrm-common (2.4.101-2~18.04.1) ...
Configurando libbs2b0:amd64 (3.1.0+dfsg-2.2) ...
Configurando libnorm1:amd64 (1.5r6+dfsg1-6) ...
Configurando libcrystalhd3:amd64 (1:0.0~git20110715.fdd2f19-12) ...
Configurando librubberband2:amd64 (1.8.1-7ubuntu2) ...
Configurando libsnappy1v5:amd64 (1.1.7-1) ...
Configurando libzvbi-common (0.2.35-13) ...
Configurando libgme0:amd64 (0.6.2-1) ...
Configurando libbdplus0:amd64 (0.1.2-2) ...
Configurando libzvbi0:amd64 (0.2.35-13) ...
Configurando libsndio6.1:amd64 (1.1.0-3) ...
Configurando libgsm1:amd64 (1.0.13-4build1) ...
Configurando libmysofa0:amd64 (0.6~dfsg0-3+deb10u1build1) ...
Configurando libzmq5:amd64 (4.2.5-1ubuntu0.2) ...
Configurando libdrm2:amd64 (2.4.101-2~18.04.1) ...
Configurando i965-va-driver:amd64 (2.1.0-0ubuntu1) ...
Configurando libsdl2-2.0-0:amd64 (2.0.8+dfsg1-1ubuntu1.18.04.4) ...
Configurando libva-drm2:amd64 (2.1.0-3) ...
Configurando libopenal1:amd64 (1:1.18.2-2) ...
Configurando libva-x11-2:amd64 (2.1.0-3) ...
Configurando libavutil55:amd64 (7:3.4.8-0ubuntu0.2) ...
Configurando libdrm-amdgpu1:amd64 (2.4.101-2~18.04.1) ...
Configurando mesa-vdpau-drivers:amd64 (20.0.8-0ubuntu1~18.04.1) ...
Configurando libswresample2:amd64 (7:3.4.8-0ubuntu0.2) ...
Configurando libswscale4:amd64 (7:3.4.8-0ubuntu0.2) ...
Configurando mesa-va-drivers:amd64 (20.0.8-0ubuntu1~18.04.1) ...
Configurando libpostproc54:amd64 (7:3.4.8-0ubuntu0.2) ...
Configurando vdpau-driver-all:amd64 (1.1.1-3ubuntu1) ...
Configurando libavresample3:amd64 (7:3.4.8-0ubuntu0.2) ...
Configurando libavcodec57:amd64 (7:3.4.8-0ubuntu0.2) ...
Configurando va-driver-all:amd64 (2.1.0-3) ...
Configurando libchromaprint1:amd64 (1.4.3-1) ...
Configurando libavformat57:amd64 (7:3.4.8-0ubuntu0.2) ...
Configurando libavfilter6:amd64 (7:3.4.8-0ubuntu0.2) ...
Configurando libavdevice57:amd64 (7:3.4.8-0ubuntu0.2) ...
Configurando ffmpeg (7:3.4.8-0ubuntu0.2) ...
Procesando disparadores para libc-bin (2.27-3ubuntu1) ...
Procesando disparadores para man-db (2.8.3-2ubuntu0.1) ...
alejandro@alejandro-HP-Pavilion-Notebook:~$ sudo add-apt-repository ppa:obsproject/obs-studio
 Latest stable release of OBS Studio
 Más información: https://launchpad.net/~obsproject/+archive/ubuntu/obs-studio
Pulse [ENTRAR] para continuar o Ctrl+C para cancelar la adición.

Obj:1 http://dl.google.com/linux/chrome/deb stable InRelease
Ign:2 http://ppa.launchpad.net/kirillshkrogalev/ffmpeg-next/ubuntu bionic InRelease
Obj:3 http://packages.microsoft.com/repos/vscode stable InRelease              
Obj:4 http://security.ubuntu.com/ubuntu bionic-security InRelease              
Obj:5 http://mx.archive.ubuntu.com/ubuntu bionic InRelease                     
Obj:6 http://mx.archive.ubuntu.com/ubuntu bionic-updates InRelease             
Des:7 http://ppa.launchpad.net/obsproject/obs-studio/ubuntu bionic InRelease [15.9 kB]
Obj:8 http://mx.archive.ubuntu.com/ubuntu bionic-backports InRelease           
Obj:9 http://ppa.launchpad.net/sunderme/texstudio/ubuntu bionic InRelease      
Err:10 http://ppa.launchpad.net/kirillshkrogalev/ffmpeg-next/ubuntu bionic Release
  404  Not Found [IP: 2001:67c:1560:8008::15 80]
Des:11 http://ppa.launchpad.net/obsproject/obs-studio/ubuntu bionic/main amd64 Packages [1 036 B]
Des:12 http://ppa.launchpad.net/obsproject/obs-studio/ubuntu bionic/main i386 Packages [904 B]
Des:13 http://ppa.launchpad.net/obsproject/obs-studio/ubuntu bionic/main Translation-en [160 B]
Leyendo lista de paquetes... Hecho                           
E: El repositorio «http://ppa.launchpad.net/kirillshkrogalev/ffmpeg-next/ubuntu bionic Release» no tiene un fichero de Publicación.
N: No se puede actualizar de un repositorio como este de forma segura y por tanto está deshabilitado por omisión.
N: Vea la página de manual apt-secure(8) para los detalles sobre la creación de repositorios y la configuración de usuarios.
alejandro@alejandro-HP-Pavilion-Notebook:~$ sudo apt-get update
Obj:1 http://dl.google.com/linux/chrome/deb stable InRelease
Obj:2 http://packages.microsoft.com/repos/vscode stable InRelease              
Obj:3 http://security.ubuntu.com/ubuntu bionic-security InRelease              
Ign:4 http://ppa.launchpad.net/kirillshkrogalev/ffmpeg-next/ubuntu bionic InRelease
Obj:5 http://mx.archive.ubuntu.com/ubuntu bionic InRelease                     
Obj:6 http://mx.archive.ubuntu.com/ubuntu bionic-updates InRelease             
Obj:7 http://ppa.launchpad.net/obsproject/obs-studio/ubuntu bionic InRelease   
Obj:8 http://mx.archive.ubuntu.com/ubuntu bionic-backports InRelease           
Obj:9 http://ppa.launchpad.net/sunderme/texstudio/ubuntu bionic InRelease      
Err:10 http://ppa.launchpad.net/kirillshkrogalev/ffmpeg-next/ubuntu bionic Release
  404  Not Found [IP: 2001:67c:1560:8008::15 80]
Leyendo lista de paquetes... Hecho                     
E: El repositorio «http://ppa.launchpad.net/kirillshkrogalev/ffmpeg-next/ubuntu bionic Release» no tiene un fichero de Publicación.
N: No se puede actualizar de un repositorio como este de forma segura y por tanto está deshabilitado por omisión.
N: Vea la página de manual apt-secure(8) para los detalles sobre la creación de repositorios y la configuración de usuarios.
alejandro@alejandro-HP-Pavilion-Notebook:~$ sudo apt-get install obs-studio
Leyendo lista de paquetes... Hecho
Creando árbol de dependencias       
Leyendo la información de estado... Hecho
Los paquetes indicados a continuación se instalaron de forma automática y ya no son necesarios.
  fonts-liberation2 fonts-opensymbol gir1.2-gst-plugins-base-1.0
  gir1.2-gstreamer-1.0 gir1.2-gudev-1.0 gir1.2-udisks-2.0
  grilo-plugins-0.3-base gstreamer1.0-gtk3 libboost-date-time1.65.1
  libboost-filesystem1.65.1 libboost-iostreams1.65.1 libboost-locale1.65.1
  libcdr-0.1-1 libclucene-contribs1v5 libclucene-core1v5 libcmis-0.5-5v5
  libcolamd2 libdazzle-1.0-0 libe-book-0.1-1 libedataserverui-1.2-2 libeot0
  libepubgen-0.1-1 libetonyek-0.1-1 libevent-2.1-6 libexiv2-14
  libfreerdp-client2-2 libfreerdp2-2 libgee-0.8-2 libgexiv2-2 libgom-1.0-0
  libgpgmepp6 libgpod-common libgpod4 liblangtag-common liblangtag1
  liblirc-client0 liblua5.3-0 libmediaart-2.0-0 libmspub-0.1-1 libodfgen-0.1-1
  libqqwing2v5 libqt5concurrent5 libraw16 librevenge-0.0-0 libsgutils2-2
  libssh-4 libsuitesparseconfig5 libvncclient1 libwinpr2-2 libxapian30
  libxmlsec1 libxmlsec1-nss lp-solve media-player-info python3-mako
  python3-markupsafe syslinux syslinux-common syslinux-legacy
  usb-creator-common
Utilice «sudo apt autoremove» para eliminarlos.
Se instalarán los siguientes paquetes adicionales:
  libfdk-aac1 libluajit-5.1-2 libluajit-5.1-common libmbedcrypto1 libmbedtls10
  libmbedx509-0 libqt5x11extras5
Se instalarán los siguientes paquetes NUEVOS:
  libfdk-aac1 libluajit-5.1-2 libluajit-5.1-common libmbedcrypto1 libmbedtls10
  libmbedx509-0 libqt5x11extras5 obs-studio
0 actualizados, 8 nuevos se instalarán, 0 para eliminar y 302 no actualizados.
Se necesita descargar 57.0 MB de archivos.
Se utilizarán 205 MB de espacio de disco adicional después de esta operación.
¿Desea continuar? [S/n] s
Des:1 http://ppa.launchpad.net/obsproject/obs-studio/ubuntu bionic/main amd64 obs-studio amd64 26.0.2-0obsproject1~bionic [56.1 MB]
Des:2 http://mx.archive.ubuntu.com/ubuntu bionic/multiverse amd64 libfdk-aac1 amd64 0.1.5-1 [355 kB]
Des:3 http://mx.archive.ubuntu.com/ubuntu bionic/universe amd64 libluajit-5.1-common all 2.1.0~beta3+dfsg-5.1 [44.3 kB]
Des:4 http://mx.archive.ubuntu.com/ubuntu bionic/universe amd64 libluajit-5.1-2 amd64 2.1.0~beta3+dfsg-5.1 [227 kB]
Des:5 http://mx.archive.ubuntu.com/ubuntu bionic/universe amd64 libmbedcrypto1 amd64 2.8.0-1 [140 kB]
Des:6 http://mx.archive.ubuntu.com/ubuntu bionic/universe amd64 libmbedx509-0 amd64 2.8.0-1 [34.0 kB]
Des:7 http://mx.archive.ubuntu.com/ubuntu bionic/universe amd64 libmbedtls10 amd64 2.8.0-1 [66.8 kB]
Des:8 http://mx.archive.ubuntu.com/ubuntu bionic/universe amd64 libqt5x11extras5 amd64 5.9.5-0ubuntu1 [8 596 B]
Descargados 57.0 MB en 55s (1 028 kB/s)                                        
Seleccionando el paquete libfdk-aac1:amd64 previamente no seleccionado.
(Leyendo la base de datos ... 329693 ficheros o directorios instalados actualmente.)
Preparando para desempaquetar .../0-libfdk-aac1_0.1.5-1_amd64.deb ...
Desempaquetando libfdk-aac1:amd64 (0.1.5-1) ...
Seleccionando el paquete libluajit-5.1-common previamente no seleccionado.
Preparando para desempaquetar .../1-libluajit-5.1-common_2.1.0~beta3+dfsg-5.1_all.deb ...
Desempaquetando libluajit-5.1-common (2.1.0~beta3+dfsg-5.1) ...
Seleccionando el paquete libluajit-5.1-2:amd64 previamente no seleccionado.
Preparando para desempaquetar .../2-libluajit-5.1-2_2.1.0~beta3+dfsg-5.1_amd64.deb ...
Desempaquetando libluajit-5.1-2:amd64 (2.1.0~beta3+dfsg-5.1) ...
Seleccionando el paquete libmbedcrypto1:amd64 previamente no seleccionado.
Preparando para desempaquetar .../3-libmbedcrypto1_2.8.0-1_amd64.deb ...
Desempaquetando libmbedcrypto1:amd64 (2.8.0-1) ...
Seleccionando el paquete libmbedx509-0:amd64 previamente no seleccionado.
Preparando para desempaquetar .../4-libmbedx509-0_2.8.0-1_amd64.deb ...
Desempaquetando libmbedx509-0:amd64 (2.8.0-1) ...
Seleccionando el paquete libmbedtls10:amd64 previamente no seleccionado.
Preparando para desempaquetar .../5-libmbedtls10_2.8.0-1_amd64.deb ...
Desempaquetando libmbedtls10:amd64 (2.8.0-1) ...
Seleccionando el paquete libqt5x11extras5:amd64 previamente no seleccionado.
Preparando para desempaquetar .../6-libqt5x11extras5_5.9.5-0ubuntu1_amd64.deb ...
Desempaquetando libqt5x11extras5:amd64 (5.9.5-0ubuntu1) ...
Seleccionando el paquete obs-studio previamente no seleccionado.
Preparando para desempaquetar .../7-obs-studio_26.0.2-0obsproject1~bionic_amd64.deb ...
Desempaquetando obs-studio (26.0.2-0obsproject1~bionic) ...
Configurando libqt5x11extras5:amd64 (5.9.5-0ubuntu1) ...
Configurando libluajit-5.1-common (2.1.0~beta3+dfsg-5.1) ...
Configurando libmbedcrypto1:amd64 (2.8.0-1) ...
Configurando libluajit-5.1-2:amd64 (2.1.0~beta3+dfsg-5.1) ...
Configurando libmbedx509-0:amd64 (2.8.0-1) ...
Configurando libfdk-aac1:amd64 (0.1.5-1) ...
Configurando libmbedtls10:amd64 (2.8.0-1) ...
Configurando obs-studio (26.0.2-0obsproject1~bionic) ...
Procesando disparadores para desktop-file-utils (0.23-1ubuntu3.18.04.2) ...
Procesando disparadores para libc-bin (2.27-3ubuntu1) ...
Procesando disparadores para gnome-menus (3.13.3-11ubuntu1.1) ...
Procesando disparadores para hicolor-icon-theme (0.17-2) ...
Procesando disparadores para mime-support (3.60ubuntu1) ...

